+---------+----------+------------------+--------------+
| Group   | Fleet    |   Instance Count |   Total Cost |
+=========+==========+==================+==============+
| compute | xlarge   |               95 |        6.648 |
|         | 8xlarge  |               11 |        6.794 |
|         | 2xlarge  |               48 |        7.211 |
|         | 16xlarge |                6 |        7.750 |
|         | 4xlarge  |               24 |        7.950 |
|         | 24xlarge |                5 |        8.152 |
|         | 12xlarge |                9 |        8.647 |
+---------+----------+------------------+--------------+
| general | xlarge   |              210 |       16.388 |
|         | 4xlarge  |               53 |       18.446 |
|         | 24xlarge |                9 |       18.965 |
|         | 12xlarge |               18 |       19.571 |
|         | 2xlarge  |              105 |       20.742 |
|         | 16xlarge |               14 |       21.534 |
|         | 8xlarge  |               27 |       21.669 |
+---------+----------+------------------+--------------+
| memory  | 4xlarge  |               45 |       16.535 |
|         | 16xlarge |               12 |       16.585 |
|         | 2xlarge  |               90 |       16.639 |
|         | 12xlarge |               15 |       17.978 |
|         | 24xlarge |                8 |       19.368 |
|         | 8xlarge  |               23 |       19.409 |
+---------+----------+------------------+--------------+